Mono path[0] = 'C:/Program Files (x86)/Steam/steamapps/common/Valheim/valheim_Data/Managed'
Mono config path = 'C:/Program Files (x86)/Steam/steamapps/common/Valheim/MonoBleedingEdge/etc'
Fallback handler could not load library C:/Program Files (x86)/Steam/steamapps/common/Valheim/valheim_Data/MonoBleedingEdge/data-000001FD89E9D220.dll
Fallback handler could not load library C:/Program Files (x86)/Steam/steamapps/common/Valheim/valheim_Data/MonoBleedingEdge/data-000001FD8EC9A040.dll
[Physics::Module] Initialized MultithreadedJobDispatcher with 15 workers.
Initialize engine version: 2022.3.17f1 (4fc78088f837)
[Subsystems] Discovering subsystems at path C:/Program Files (x86)/Steam/steamapps/common/Valheim/valheim_Data/UnitySubsystems
GfxDevice: creating device client; threaded=1; jobified=0
Direct3D:
    Version:  Direct3D 11.0 [level 11.1]
    Renderer: NVIDIA GeForce GTX 960 (ID=0x1401)
    Vendor:   NVIDIA
    VRAM:     4040 MB
    Driver:   31.0.15.5212
Begin MonoManager ReloadAssembly
- Loaded All Assemblies, in  0.098 seconds
- Finished resetting the current domain, in  0.001 seconds
<RI> Initializing input.
New input system (experimental) initialized
Using Windows.Gaming.Input
<RI> Input initialized.
<RI> Initialized touch support.
UnloadTime: 1.746000 ms
[Message:   BepInEx] BepInEx 5.4.22.0 - valheim (04/07/2024 6:48:10 PM)
[Message:   BepInEx] User is running BepInExPack Valheim version 5.4.2202 from Thunderstore
[Info   :   BepInEx] Running under Unity v2022.3.17.5228416
[Info   :   BepInEx] CLR runtime version: 4.0.30319.42000
[Info   :   BepInEx] Supports SRE: True
[Info   :   BepInEx] System platform: Bits64, Windows
[Message:   BepInEx] Preloader started
[Info   :   BepInEx] Loaded 1 patcher method from [BepInEx.Preloader 5.4.22.0]
[Info   :   BepInEx] Loaded 1 patcher method from [ShutUp 1.0.0.0]
[Info   :   BepInEx] 2 patcher plugins loaded
[Info   :   BepInEx] Patching [UnityEngine.CoreModule] with [BepInEx.Chainloader]
[Message:   BepInEx] Preloader finished
[Message:   BepInEx] Chainloader ready
[Message:   BepInEx] Chainloader started
[Info   :   BepInEx] 101 plugins to load
[Info   :   BepInEx] Loading [Valheim Configuration Manager 1.0.17]
Fallback handler could not load library C:/Program Files (x86)/Steam/steamapps/common/Valheim/valheim_Data/MonoBleedingEdge/data-000001FDFB161020.dll
[Info   :   BepInEx] Loading [PlantEasily 1.8.1]
[Info   :   BepInEx] Loading [PlantEverything 1.18.1]
[Info   :   BepInEx] Loading [Groups 1.2.8]
09/10/2024 18:41:17: Loaded localization file #0 - 'localization' language: 'English'
09/10/2024 18:41:17: Loaded localization file #1 - 'localization_extra' language: 'English'
09/10/2024 18:41:17: Loaded localization file #2 - 'heightmap_message' language: 'English'
09/10/2024 18:41:17: Loaded localization file #3 - 'localization_hildir' language: 'English'
09/10/2024 18:41:17: Loaded localization file #4 - 'localization_emotes' language: 'English'
09/10/2024 18:41:17: Loaded localization file #5 - 'localization_ashlands' language: 'English'
09/10/2024 18:41:17: Loaded localization file #0 - 'localization' language: 'English'
09/10/2024 18:41:17: Loaded localization file #1 - 'localization_extra' language: 'English'
09/10/2024 18:41:17: Loaded localization file #2 - 'heightmap_message' language: 'English'
09/10/2024 18:41:17: Loaded localization file #3 - 'localization_hildir' language: 'English'
09/10/2024 18:41:17: Loaded localization file #4 - 'localization_emotes' language: 'English'
09/10/2024 18:41:17: Loaded localization file #5 - 'localization_ashlands' language: 'English'
[Info   :   BepInEx] Loading [AzuExtendedPlayerInventory 1.4.3]
[Info   :   BepInEx] Loading [Jewelcrafting 1.5.29]
09/10/2024 18:41:19: Loaded localization file #0 - 'localization' language: 'English'
09/10/2024 18:41:19: Loaded localization file #1 - 'localization_extra' language: 'English'
09/10/2024 18:41:19: Loaded localization file #2 - 'heightmap_message' language: 'English'
09/10/2024 18:41:19: Loaded localization file #3 - 'localization_hildir' language: 'English'
09/10/2024 18:41:19: Loaded localization file #4 - 'localization_emotes' language: 'English'
09/10/2024 18:41:19: Loaded localization file #5 - 'localization_ashlands' language: 'English'
09/10/2024 18:41:19: Loaded localization file #0 - 'localization' language: 'English'
09/10/2024 18:41:19: Loaded localization file #1 - 'localization_extra' language: 'English'
09/10/2024 18:41:19: Loaded localization file #2 - 'heightmap_message' language: 'English'
09/10/2024 18:41:19: Loaded localization file #3 - 'localization_hildir' language: 'English'
09/10/2024 18:41:19: Loaded localization file #4 - 'localization_emotes' language: 'English'
09/10/2024 18:41:19: Loaded localization file #5 - 'localization_ashlands' language: 'English'
09/10/2024 18:41:19: Loaded localization file #0 - 'localization' language: 'English'
09/10/2024 18:41:19: Loaded localization file #1 - 'localization_extra' language: 'English'
09/10/2024 18:41:19: Loaded localization file #2 - 'heightmap_message' language: 'English'
09/10/2024 18:41:19: Loaded localization file #3 - 'localization_hildir' language: 'English'
09/10/2024 18:41:19: Loaded localization file #4 - 'localization_emotes' language: 'English'
09/10/2024 18:41:19: Loaded localization file #5 - 'localization_ashlands' language: 'English'
[Info   :   BepInEx] Loading [AzuAntiArthriticCrafting 1.5.6]
[Info   :   BepInEx] Loading [AzuAntiCheat 4.3.8]
[Info   :   BepInEx] Loading [Backpacks 1.3.4]
[Info   :   BepInEx] Loading [BowsBeforeHoes 1.3.9]
[Info   :   BepInEx] Loading [CraftyCarts 3.1.4]
[Info   :   BepInEx] Loading [ImFRIENDLYDAMMIT 1.1.7]
[Info   :   BepInEx] Loading [NoCultivatorDust 1.0.6]
[Info   :   BepInEx] Loading [PetPantry 1.0.2]
[Info   :   BepInEx] Loading [Queue_Me_Maybe 1.1.2]
[Info   :   BepInEx] Loading [RecipeDescriptionExpansion 1.1.4]
[Info   :   BepInEx] Loading [Recycle_N_Reclaim 1.3.4]
[Debug  :   BepInEx] [UnityInput] Using LegacyInputSystem
[Info   :   BepInEx] Loading [RemoveAttackFreezeFrame 1.0.2]
[Info   :   BepInEx] Loading [ResourceUnloadOptimizer 1.0.4]
[Info   :   BepInEx] Loading [SleepSkip 1.2.0]
[Info   :   BepInEx] Loading [BalrondContainers 1.2.8]
[Info   :   BepInEx] Loading [BalrondHumanoidRandomizer 1.3.6]
[Info   :   BepInEx] Loading [BalrondShipyard 1.4.8]
ERROR: Shader  shader is not supported on this GPU (none of subshaders/fallbacks are suitable)
ERROR: Shader  shader is not supported on this GPU (none of subshaders/fallbacks are suitable)
[Info   :   BepInEx] Loading [RavenwoodBalrdonPieces 1.0.4]
ERROR: Shader  shader is not supported on this GPU (none of subshaders/fallbacks are suitable)
ERROR: Shader  shader is not supported on this GPU (none of subshaders/fallbacks are suitable)
ERROR: Shader  shader is not supported on this GPU (none of subshaders/fallbacks are suitable)
ERROR: Shader  shader is not supported on this GPU (none of subshaders/fallbacks are suitable)
ERROR: Shader  shader is not supported on this GPU (none of subshaders/fallbacks are suitable)
ERROR: Shader  shader is not supported on this GPU (none of subshaders/fallbacks are suitable)
[Info   :   BepInEx] Loading [CombatOverhaulREwrite 1.2.1]
[Info   :   BepInEx] Loading [VikingsDoSwim 1.3.4]
09/10/2024 18:41:42: Loaded localization file #0 - 'localization' language: 'English'
09/10/2024 18:41:42: Loaded localization file #1 - 'localization_extra' language: 'English'
09/10/2024 18:41:42: Loaded localization file #2 - 'heightmap_message' language: 'English'
09/10/2024 18:41:42: Loaded localization file #3 - 'localization_hildir' language: 'English'
09/10/2024 18:41:42: Loaded localization file #4 - 'localization_emotes' language: 'English'
09/10/2024 18:41:42: Loaded localization file #5 - 'localization_ashlands' language: 'English'
09/10/2024 18:41:43: Loaded localization file #0 - 'localization' language: 'English'
09/10/2024 18:41:43: Loaded localization file #1 - 'localization_extra' language: 'English'
09/10/2024 18:41:43: Loaded localization file #2 - 'heightmap_message' language: 'English'
09/10/2024 18:41:43: Loaded localization file #3 - 'localization_hildir' language: 'English'
09/10/2024 18:41:43: Loaded localization file #4 - 'localization_emotes' language: 'English'
09/10/2024 18:41:43: Loaded localization file #5 - 'localization_ashlands' language: 'English'
09/10/2024 18:41:43: Loaded localization file #0 - 'localization' language: 'English'
09/10/2024 18:41:43: Loaded localization file #1 - 'localization_extra' language: 'English'
09/10/2024 18:41:43: Loaded localization file #2 - 'heightmap_message' language: 'English'
09/10/2024 18:41:43: Loaded localization file #3 - 'localization_hildir' language: 'English'
09/10/2024 18:41:43: Loaded localization file #4 - 'localization_emotes' language: 'English'
09/10/2024 18:41:43: Loaded localization file #5 - 'localization_ashlands' language: 'English'
[Info   :   BepInEx] Loading [WieldEquipmentWhileSwimming 1.1.0]
[Info   :   BepInEx] Loading [ComfyGizmo 1.10.0]
[Info   :   BepInEx] Loading [Hotbar Switch 0.3.2]
[Info   :   BepInEx] Loading [Instant Monster Drop 0.6.0]
[Info   :   BepInEx] Loading [SurtlingBoats 2.0.7]
[Info   :   BepInEx] Loading [LocalizationCache 0.2.0]
[Info   :   BepInEx] Loading [Jotunn 2.20.3]
[Info   :   BepInEx] Loading [MissingPieces 2.2.0]
[Info   :   BepInEx] Loading [Frogger.NoUselessWarnings 1.1.0]
[Info   :   BepInEx] Loading [MultiUserChest 0.5.10]
[Info   :   BepInEx] Loading [ItemHopper 1.5.0]
[Info   :   BepInEx] Loading [AsocialCartography 0.2.1]
[Info   :   BepInEx] Loading [WarmTorches 0.1.2]
[Info   :   BepInEx] Loading [CarryMeMaster 1.0.1]
[Info   :   BepInEx] Loading [Better Networking 2.3.2]
Fallback handler could not load library C:/Program Files (x86)/Steam/steamapps/common/Valheim/valheim_Data/MonoBleedingEdge/data-000001FEFA893020.dll
Fallback handler could not load library C:/Program Files (x86)/Steam/steamapps/common/Valheim/valheim_Data/MonoBleedingEdge/data-000001FEF515DFC0.dll
[Info   :   BepInEx] Loading [Digitalroot's Slope Combat Assistance 2.0.25]
[Info   :   BepInEx] Loading [ICanSeeClearlyNow 1.1.2]
[Info   :   BepInEx] Loading [ServerSideMap 1.3.11.0]
[Info   :   BepInEx] Loading [Expand World Rivers 1.9]
[Info   :   BepInEx] Loading [Expand World Size 1.20]
[Info   :   BepInEx] Loading [NoAFKEvents 1.0.2]
[Info   :   BepInEx] Loading [Instantly Destroy Boats and Carts 1.0.4]
[Info   :   BepInEx] Loading [Quick Stack - Store - Sort - Trash - Restock 1.4.8]
[Info   :   BepInEx] Loading [Sneak Camera and Collision Height 1.0.2]
[Info   :   BepInEx] Loading [Sorted Cooking, Crafting and Skills Menu 1.3.3]
[Info   :   BepInEx] Loading [RuneMagic 1.2.0]
Shader 'Standard TwoSided': fallback shader 'VertexLit' not found
Calculated centers for 29 icebergs
[Info   :   BepInEx] Loading [Valheim Lumberjack 1.1.0]
[Info   :   BepInEx] Loading [VagonsJVL 1.0.2]
[Info   :   BepInEx] Loading [kg.ItemDrawers 1.0.8]
[Info   :   BepInEx] Loading [EpicJewels 0.9.1]
[Info   :   BepInEx] Loading [Simple Chat 1.2.0]
[Info   :   BepInEx] Loading [OdinsKingdom 1.2.27]
[Info   :   BepInEx] Loading [HoneyPlus 6.0.0]
[Warning:Jotunn.Managers.ItemManager] [HoneyPlus] Custom item HoneySausages already added
[Info   :   BepInEx] Loading [AutoFollowPath 1.6.6]
[Info   :   BepInEx] Loading [Blacksmithing 1.3.0]
[Info   :   BepInEx] Loading [Building 1.2.5]
[Info   :   BepInEx] Loading [Combat Owner 1.0.0]
[Info   :   BepInEx] Loading [Cooking 1.1.16]
[Info   :   BepInEx] Loading [Darwin Awards 1.0.6]
[Info   :   BepInEx] Loading [Exploration 1.0.3]
[Info   :   BepInEx] Loading [Farming 2.1.12]
[Info   :   BepInEx] Loading [Foraging 1.0.9]
[Info   :   BepInEx] Loading [Lumberjacking 1.0.5]
[Info   :   BepInEx] Loading [Mining 1.1.5]
[Info   :   BepInEx] Loading [PackHorse 1.0.3]
[Info   :   BepInEx] Loading [Sailing 1.1.7]
[Info   :   BepInEx] Loading [Server Characters 1.4.13]
[Info   :   BepInEx] Loading [Smart Skills 1.0.2]
[Info   :   BepInEx] Loading [Smooth Save 1.0.5]
[Info   :   BepInEx] Loading [Display BepInEx Info In-Game 2.0.2]
[Info   :   BepInEx] Loading [OdinArchitect 1.3.0]
[Info   :   BepInEx] Loading [OdinHorse 1.2.6]
[Info   :   BepInEx] Loading [Minimal Status Effects 1.0.7]
[Info   :   BepInEx] Loading [BetterZeeLog 1.10.1]
[Info   :   BepInEx] Loading [EulersRuler 1.8.0]
[Info   :   BepInEx] Loading [Scenic 1.4.0]
[Info   :   BepInEx] Loading [SearsCatalog 1.5.1]
[Info   :   BepInEx] Loading [Ruler 1.5]
[Info   :   BepInEx] Loading [Messenger 1.0.1]
[Info   :   BepInEx] Loading [PortalTweaks 1.0.1]
[Info   :   BepInEx] Loading [UsefulPaths 1.0.3]
[Info   :   BepInEx] Loading [VikingNPC 0.1.2]
[Info   :   BepInEx] Loading [ExtraSnapPointsMadeEasy 1.3.1]
[Info   :   BepInEx] Loading [SafetyStatus 1.1.0]
[Info   :   BepInEx] Loading [AdvancedTerrainModifiers 1.3.3]
[Info   :   BepInEx] Loading [More Gates Extended 1.0.1]
[Info   :   BepInEx] Loading [My Little UI 1.1.2]
[Info   :   BepInEx] Loading [Soulcatcher 4.5.6]
Fallback handler could not load library C:/Program Files (x86)/Steam/steamapps/common/Valheim/valheim_Data/MonoBleedingEdge/data-000001FF31EC2010.dll
[Info   :   BepInEx] Loading [AutomaticFuel 1.4.1]
[Info   :   BepInEx] Loading [BetterCarts 1.0.7]
[Info   :   BepInEx] Loading [NoSmokeSimplified 1.0.8]
[Info   :   BepInEx] Loading [TimedTorchesStayLit 1.3.7]
[Info   :   BepInEx] Loading [SingleUseSwampKey 1.0.1]
[Info   :   BepInEx] Loading [Comfort Tweaks 3.3.7]
Fallback handler could not load library C:/Program Files (x86)/Steam/steamapps/common/Valheim/valheim_Data/MonoBleedingEdge/data-000001FF31A8EB00.dll
[09/10/2024 18:42:20] Loaded localization file #0 - 'localization' language: 'English'
[09/10/2024 18:42:20] Loaded localization file #1 - 'localization_extra' language: 'English'
[09/10/2024 18:42:20] Loaded localization file #2 - 'heightmap_message' language: 'English'
[09/10/2024 18:42:20] Loaded localization file #3 - 'localization_hildir' language: 'English'
[09/10/2024 18:42:20] Loaded localization file #4 - 'localization_emotes' language: 'English'
[09/10/2024 18:42:20] Loaded localization file #5 - 'localization_ashlands' language: 'English'
[09/10/2024 18:42:21] Loaded localization file #0 - 'localization' language: 'English'
[09/10/2024 18:42:21] Loaded localization file #1 - 'localization_extra' language: 'English'
[09/10/2024 18:42:21] Loaded localization file #2 - 'heightmap_message' language: 'English'
[09/10/2024 18:42:21] Loaded localization file #3 - 'localization_hildir' language: 'English'
[09/10/2024 18:42:21] Loaded localization file #4 - 'localization_emotes' language: 'English'
[09/10/2024 18:42:21] Loaded localization file #5 - 'localization_ashlands' language: 'English'
[09/10/2024 18:42:21] Loaded localization file #0 - 'localization' language: 'English'
[09/10/2024 18:42:21] Loaded localization file #1 - 'localization_extra' language: 'English'
[09/10/2024 18:42:21] Loaded localization file #2 - 'heightmap_message' language: 'English'
[09/10/2024 18:42:21] Loaded localization file #3 - 'localization_hildir' language: 'English'
[09/10/2024 18:42:21] Loaded localization file #4 - 'localization_emotes' language: 'English'
[09/10/2024 18:42:22] Loaded localization file #5 - 'localization_ashlands' language: 'English'
[Info   :   BepInEx] Loading [BetterRiding 1.0.5]
[Message:   BepInEx] Chainloader startup complete
Privilege Multiplayer is not known on this platform. Privilege therefore is granted without check...
Privilege UserGeneratedContent is not known on this platform. Privilege therefore is granted without check...
Privilege CrossPlay is not known on this platform. Privilege therefore is granted without check...
[09/10/2024 18:42:24] Set background loading budget to Low
[09/10/2024 18:42:29] Using environment steamid 892970
[09/10/2024 18:42:29] Using steam APPID:892970
[09/10/2024 18:42:30] Authentication:k_ESteamNetworkingAvailability_Attempting
Unloading 5 Unused Serialized files (Serialized files now loaded: 52)
UnloadTime: 5.197000 ms
[09/10/2024 18:42:31] Fetching PlatformPrefs 'GuiScale' before loading defaults
[09/10/2024 18:42:31] Fetching PlatformPrefs 'GuiScale' before loading defaults
Unloading 2310 unused Assets to reduce memory usage. Loaded Objects now: 223107.
Total: 203.108500 ms (FindLiveObjects: 13.296900 ms CreateObjectMapping: 20.039500 ms MarkObjects: 166.672800 ms  DeleteObjects: 3.099000 ms)

[09/10/2024 18:42:31] Starting to load scene:start.unity (169d7618616154c03be07e9ad3af5893)
[09/10/2024 18:42:31] Set background loading budget to Normal
[09/10/2024 18:42:35] Set background loading budget to High
The referenced script on this Behaviour (Game Object '<null>') is missing!
The referenced script on this Behaviour (Game Object '<null>') is missing!
Couldn't create a Convex Mesh from source mesh "default" within the maximum polygons limit (256). The partial hull will be used. Consider simplifying your mesh.
Couldn't create a Convex Mesh from source mesh "default" within the maximum polygons limit (256). The partial hull will be used. Consider simplifying your mesh.
The referenced script on this Behaviour (Game Object '<null>') is missing!
Unloading 3 Unused Serialized files (Serialized files now loaded: 1227)
[09/10/2024 18:42:53] Set background loading budget to Low
UnloadTime: 8.139600 ms
Only custom filters can be played. Please add a custom filter or an audioclip to the audiosource (Amb_MainMenu).
[09/10/2024 18:42:54] Missing audio clip in music respawn
[09/10/2024 18:42:55] Loaded localization file #0 - 'localization' language: 'English'
[09/10/2024 18:42:55] Loaded localization file #1 - 'localization_extra' language: 'English'
[09/10/2024 18:42:55] Loaded localization file #2 - 'heightmap_message' language: 'English'
[09/10/2024 18:42:56] Loaded localization file #3 - 'localization_hildir' language: 'English'
[09/10/2024 18:42:56] Loaded localization file #4 - 'localization_emotes' language: 'English'
[09/10/2024 18:42:56] Loaded localization file #5 - 'localization_ashlands' language: 'English'
[09/10/2024 18:42:56] Loaded localization file #0 - 'localization' language: 'English'
[09/10/2024 18:42:56] Loaded localization file #1 - 'localization_extra' language: 'English'
[09/10/2024 18:42:56] Loaded localization file #2 - 'heightmap_message' language: 'English'
[09/10/2024 18:42:56] Loaded localization file #3 - 'localization_hildir' language: 'English'
[09/10/2024 18:42:56] Loaded localization file #4 - 'localization_emotes' language: 'English'
[09/10/2024 18:42:56] Loaded localization file #5 - 'localization_ashlands' language: 'English'
[09/10/2024 18:42:56] Loaded localization file #0 - 'localization' language: 'English'
[09/10/2024 18:42:56] Loaded localization file #1 - 'localization_extra' language: 'English'
[09/10/2024 18:42:57] Loaded localization file #2 - 'heightmap_message' language: 'English'
[09/10/2024 18:42:57] Loaded localization file #3 - 'localization_hildir' language: 'English'
[09/10/2024 18:42:57] Loaded localization file #4 - 'localization_emotes' language: 'English'
[09/10/2024 18:42:57] Loaded localization file #5 - 'localization_ashlands' language: 'English'
[09/10/2024 18:42:57] Steam initialized, persona:Ana na may L
[09/10/2024 18:42:57] PlayFab custom ID set to "Steam_76561198287391004"
[09/10/2024 18:42:57] Using default prefs
[09/10/2024 18:42:57] Valheim version: 0.218.21-ServerCharacters (network version 31)
Trying to set graphic mode to 'Performance'
Graphic mode 'Performance' applied!
[09/10/2024 18:42:57] Worldgenerator version setup:2
[09/10/2024 18:42:58] Render threading mode:MultiThreaded
[09/10/2024 18:42:58] Set button "CamZoomIn" to None!
[09/10/2024 18:42:58] Set button "CamZoomOut" to None!
[09/10/2024 18:42:58] Set button "CamZoomIn" to None!
[09/10/2024 18:42:58] Set button "CamZoomOut" to None!
[09/10/2024 18:42:58] Loaded localization file #0 - 'localization' language: 'English'
[09/10/2024 18:42:58] Loaded localization file #1 - 'localization_extra' language: 'English'
[09/10/2024 18:42:58] Loaded localization file #2 - 'heightmap_message' language: 'English'
[09/10/2024 18:42:59] Loaded localization file #3 - 'localization_hildir' language: 'English'
[09/10/2024 18:42:59] Loaded localization file #4 - 'localization_emotes' language: 'English'
[09/10/2024 18:42:59] Loaded localization file #5 - 'localization_ashlands' language: 'English'
[09/10/2024 18:42:59] Loaded localization file #0 - 'localization' language: 'English'
[09/10/2024 18:42:59] Loaded localization file #1 - 'localization_extra' language: 'English'
[09/10/2024 18:42:59] Loaded localization file #2 - 'heightmap_message' language: 'English'
[09/10/2024 18:42:59] Loaded localization file #3 - 'localization_hildir' language: 'English'
[09/10/2024 18:43:00] Loaded localization file #4 - 'localization_emotes' language: 'English'
[09/10/2024 18:43:00] Loaded localization file #5 - 'localization_ashlands' language: 'English'
[09/10/2024 18:43:00] Loaded localization file #0 - 'localization' language: 'English'
[09/10/2024 18:43:00] Loaded localization file #1 - 'localization_extra' language: 'English'
[09/10/2024 18:43:00] Loaded localization file #2 - 'heightmap_message' language: 'English'
[09/10/2024 18:43:00] Loaded localization file #3 - 'localization_hildir' language: 'English'
[09/10/2024 18:43:00] Loaded localization file #4 - 'localization_emotes' language: 'English'
[09/10/2024 18:43:00] Loaded localization file #5 - 'localization_ashlands' language: 'English'
[09/10/2024 18:43:00] Loaded localization file #0 - 'localization' language: 'English'
[09/10/2024 18:43:00] Loaded localization file #1 - 'localization_extra' language: 'English'
[09/10/2024 18:43:00] Loaded localization file #2 - 'heightmap_message' language: 'English'
[09/10/2024 18:43:01] Loaded localization file #3 - 'localization_hildir' language: 'English'
[09/10/2024 18:43:01] Loaded localization file #4 - 'localization_emotes' language: 'English'
[09/10/2024 18:43:01] Loaded localization file #5 - 'localization_ashlands' language: 'English'
[09/10/2024 18:43:01] Checking for installed DLCs
[09/10/2024 18:43:01] DLC:beta installed:False
[09/10/2024 18:43:01] Builder started
ObjectDB_Awake_Patch ran
ObjectDB_CopyOtherDB_Patch ran
[RecipeHandler] Added recipe: Recipe_RuneFocus
[09/10/2024 18:43:02] Loaded localization file #0 - 'localization' language: 'English'
[09/10/2024 18:43:02] Loaded localization file #1 - 'localization_extra' language: 'English'
[09/10/2024 18:43:02] Loaded localization file #2 - 'heightmap_message' language: 'English'
[09/10/2024 18:43:02] Loaded localization file #3 - 'localization_hildir' language: 'English'
[09/10/2024 18:43:02] Loaded localization file #4 - 'localization_emotes' language: 'English'
[09/10/2024 18:43:02] Loaded localization file #5 - 'localization_ashlands' language: 'English'
[09/10/2024 18:43:03] Loaded localization file #0 - 'localization' language: 'English'
[09/10/2024 18:43:03] Loaded localization file #1 - 'localization_extra' language: 'English'
[09/10/2024 18:43:03] Loaded localization file #2 - 'heightmap_message' language: 'English'
[09/10/2024 18:43:03] Loaded localization file #3 - 'localization_hildir' language: 'English'
[09/10/2024 18:43:03] Loaded localization file #4 - 'localization_emotes' language: 'English'
[09/10/2024 18:43:03] Loaded localization file #5 - 'localization_ashlands' language: 'English'
[09/10/2024 18:43:03] Loaded localization file #0 - 'localization' language: 'English'
[09/10/2024 18:43:03] Loaded localization file #1 - 'localization_extra' language: 'English'
[09/10/2024 18:43:03] Loaded localization file #2 - 'heightmap_message' language: 'English'
[09/10/2024 18:43:03] Loaded localization file #3 - 'localization_hildir' language: 'English'
[09/10/2024 18:43:03] Loaded localization file #4 - 'localization_emotes' language: 'English'
[09/10/2024 18:43:04] Loaded localization file #5 - 'localization_ashlands' language: 'English'
[Warning:Comfort Tweaks] GameObject: fire_pit,PieceName: $piece_firepit, Count: 1
[Warning:Comfort Tweaks] GameObject: fire_pit_iron,PieceName: $piece_firepit_iron, Count: 1
[Warning:Comfort Tweaks] GameObject: bonfire,PieceName: $piece_bonfire, Count: 2
[Warning:Comfort Tweaks] GameObject: hearth,PieceName: $piece_hearth, Count: 1
[Warning:Comfort Tweaks] GameObject: piece_oven,PieceName: $piece_oven, Count: 1
[Warning:Comfort Tweaks] GameObject: forge,PieceName: $piece_forge, Count: 1
[Warning:Comfort Tweaks] GameObject: smelter,PieceName: $piece_smelter, Count: 1
[Warning:Comfort Tweaks] GameObject: blastfurnace,PieceName: $piece_blastfurnace, Count: 1
[Warning:Comfort Tweaks] GameObject: blackforge,PieceName: $piece_blackforge, Count: 1
[Warning:Comfort Tweaks] GameObject: charcoal_kiln,PieceName: $piece_charcoalkiln, Count: 1
[Warning:Comfort Tweaks] GameObject: piece_walltorch,PieceName: $piece_sconce, Count: 1
[Warning:Comfort Tweaks] GameObject: piece_groundtorch_wood,PieceName: $piece_groundtorchwood, Count: 1
[Warning:Comfort Tweaks] GameObject: piece_groundtorch_green,PieceName: $piece_groundtorchgreen, Count: 1
[Warning:Comfort Tweaks] GameObject: piece_groundtorch_blue,PieceName: $piece_groundtorchblue, Count: 1
[Warning:Comfort Tweaks] GameObject: piece_brazierfloor01,PieceName: $piece_brazierfloor01, Count: 1
[Warning:Comfort Tweaks] GameObject: piece_brazierfloor02,PieceName: $piece_brazierfloor02, Count: 1
[Warning:Comfort Tweaks] GameObject: piece_brazierceiling01,PieceName: $piece_brazierceiling01, Count: 1
[Warning:Comfort Tweaks] GameObject: piece_bathtub,PieceName: $piece_bathtub, Count: 1
[Warning:Comfort Tweaks] GameObject: BatteringRam,PieceName: $tool_batteringram, Count: 1
[Warning:Comfort Tweaks] GameObject: Hearth_1x3_bal,PieceName: $piece_hearth 1x3, Count: 1
[Warning:Comfort Tweaks] GameObject: Hearth_2x3_bal,PieceName: $piece_hearth 2x3, Count: 1
[Warning:Comfort Tweaks] GameObject: Hearth_2x2_bal,PieceName: $piece_hearth 2x2, Count: 1
[Warning:Comfort Tweaks] GameObject: piece_candlechandelier_bal,PieceName: Candle Cchandelier, Count: 1
[Warning:Comfort Tweaks] GameObject: piece_crystal_walltorch_bal,PieceName: Crystal Sconce, Count: 1
[Warning:Comfort Tweaks] GameObject: piece_crystalchandelier_bal,PieceName: Crystal chandelier, Count: 1
[Warning:Comfort Tweaks] GameObject: runefire_bal,PieceName: Runefire, Count: 1
[Warning:Comfort Tweaks] GameObject: flametal_ore_pile_bal,PieceName: Flametal Ore Pile, Count: 1
[Warning:Comfort Tweaks] GameObject: sulfur_cauldron_bal,PieceName: Sulfur boiler, Count: 2
[09/10/2024 18:43:04] Sending PlayFab login request (attempt 1)
[09/10/2024 18:43:05] Starting music menu
Unloading 1695 unused Assets to reduce memory usage. Loaded Objects now: 504700.
Total: 262.202600 ms (FindLiveObjects: 34.518900 ms CreateObjectMapping: 45.081500 ms MarkObjects: 179.636600 ms  DeleteObjects: 2.965400 ms)

[09/10/2024 18:43:06] PlayFab logged in as "Steam_76561198287391004"
[09/10/2024 18:43:06] PlayFab local entity ID is 70233478553F7572
[09/10/2024 18:43:17] show character selection
[09/10/2024 18:43:18] OnCharacterStart
